23713 4944 10555 27262 25687 15305 9211 26053 25958 27329 16460 17440 20623 30144 20491 20097 29146 23326 5459 2825 10900 15759 25853 18070 28520 11877 1306 6455 13567 17428 16651 1496 22077 16270 24248 8596 14513 6846 12831 1892 9319 8420 16847 23181 24140 23020 22538 10174 2283 20373 20493 22725 20493 28676 4175 3232 4175 13852 26453 526 20874 28171 32736 10506 27366 16382
