13352 29006 715 18657 13842 24059 7795 8621 15682 1205 9782 14893 10838 1421 11546 21879 4001 19507 10056 31338 19937 24841 24562 27453 29210 4581 30810 18552 24009 7828 2568 20996 21012 29466 29288 28616 26688 14047 13234 19384 13966 17943 8469 27552 19045 23675 31651 16145 25021
