5507 25983 20287 31557 20287 28425 24863 6041 30167 17742 27356 11394 21255 4074 6459 32676 11345 25281 13214 29649 24144 4821 21506 20640 19896 23235 9721 20933 21061 5685 15623 9581 4175 28219 27153 29793
