2503 16142 20325 19230 30130 31130 27630 28300 1311 3069 13934 6927 5533 1476 28550 10201 14881 15661 436 14073 5371 9492 8157 10349 25122 26582 18466 29164 26528 23206 24228 12099 11065 7835 18856 1410 19588 25672 7387 17549 7403 3488 28960 2852 10382 3282 29475 8002 9382 751 16756 26187 11950 14198 24618 26956 31778 5494 5878 14035 11430 25018 20533 18576 19283 24100 16768 2325 10591 8108 789 25907 20019 6784 14593 25923 14593 22719 3159 5627 32330 30916 22606 22300 7317
