18421 23832 23969 21146 28936 2575 7683 30372 7683 28761 32076 22992 15722 31869 8559 9921 17892 9155 23936 30878 11260 10079 19152 9747 24163 15795 32426 30020 17332 5424 18860 24593 29822 30059 21955 26169 10893 23452 13171 12809 27605 17727 32608 27128 3560 3926 22679 10001 15679 14235 27825 14235 23752 10092 986 8401 18349 15299 5693 1766 5544 17222 5544 32217 26122 436 9901 19532 19654 5805 28487 749 7137 21409 2190 11273 18080 10576 27701 2974 26142 26803 28135 5926 1283 26262 24759 1698
