30767 15086 1917 29574 6605 19194 17718 15686 17718 15021 24117 954 11788 15608 479 32731 22904 11536 22797 2884 16770 29027 30585 29345 11388 9792 22243 17911 29318 14813 30176 25333 28164 2326 16149 20945 30410 3098 13859 24038 8875 10238 32062 14019 16691 23069 18770 27741 5429 28951 25253 26470 6787 27246 29107 31126 8743 8531 29496 12452 13462 4102 20666 16298 7549 31100 4322 1627 21695 21701 756 7393 29262 22583 18813 30775 7280 8331 28012 19932 30985 3300 13759 9145 28913 28335 25672 14348 30819 30310 9315 26647 25734 29902 25734 11963 12258 16780 5810 13760 5509 5601 18236
