9641 19698 29441 12088 30755 15342 6177 14518 19545 21915
