12778 31724 31514 13148 13016 31602 23725 7859 4324 6355 24673 24668 10675 32022 28456 5010
