30616 7381 13488 10893 23608 10757 23438 25942 7378 12873 29177 18041 27025 30261 20189 17773 25412 1379 17460 27937 19650 15430 9743 28148 11770 9920 11770 19823 12042 18336 1982
