18066 9763 7924 14809 7924 1651 9580 23381 4461 26375 23299 11764 4167 27122 13626 21927 13626 9170 10911 24840 6601 6599 29811 31899 16222 17398 11847 21743 28240 16639 20812 5811 26574 29321 7933 22108 15462 23797 9659 15806 2014 2551 32657 2551 22914 22928 19668 1260 4453 10810 6314 29208 15871 26410 22055 32647 28119 15176 20072 13514 20989 16330 19916 7072 20736 20533 20814 28248 21402 2950 7376 23969 501 32382 25948 19884 15011 13493 18413 20198 7550
