24586 24212 21243 25514 4733 3842 20775 11459 29008 27830 8215 16543 1615 19822 27530 7880 12454 22654 21953 27064 679 24449 17381 2960 26428 12824 30313 12607 27890 19129 31406 17348 1590 27756 2418 29167 31195 6189 17708 11692 17708 31297 24087 16521 9911 27857 1782 10486 31063 14202 24574 18986 30133 20507 24784 20364 29019 9965 29208 18924 2879 18924 1437 28274 9176 1004 11399 13309 21978 13372 31080 30716 27729 7611 25500 28719 27772 30041 13316 32281 13347 32303 12983 6399 4980 4783 21285 18345 29222
