29035 22455 21682 8808 14611 21715 24967 929 23644 25202 22031 8036 22031 16766 3995 26172 22303 2723 27261 17516 26852 10959 31339 24774 11479 8194 2027 13917 10159 3836 6675 9791 14414 4354 11341 2026 5444 3052 32157 4260 25641 4260 4643 17734 30018 8652 30830 10709 32601 9908 27858 7115 645 21798 8761 30033 15247 17988 24213 13928 31025 1195 6120 14822 7004 17999 20347 31397 8823 32742 8823 23082 8650 10619 15809 2792 3236 2792 447 12961 28221 1583
