24129 3367 24700 21123 20005 6106 6531 3772 26313 18546 7257 1525 17449 19430 20164 6744 25986 22671 16372 6283 158 13344 11369 6237 24754 19905 1136 21354 6838 12315 23305 22991 19083 5353 29864 16893 4834 24106 21448 5705 8021 32483 5507 2962 25673 16955 5761 30521 19764 18349 27413 7984 7372 31024 9973 5151 15596 15365 7782 29767 8176 10304 11464 28030 5701 31380 2360 22652 13867 15588 13867 7598 29460 11585 6605 19465 6790 23074 7064 16609 31228 26000 17844 12308 31288 120 145 14956 31583 17023 4522
