4184 1333 14025 17837 5363 18653 6167 16243 2486 20465 23557 26208 570 18155 11076 17951 16512 5271 4017 9837 25210 27127 14482 833 7707 29779 2675 24360 17558 2712 23320 26 12435 27475 482 25916 24512 27764 30125 9427 22149 30546 30901 17284 10280 21927 4456 1228 4456 24595 17603 25798 2364 10157 1541 12476 29109 13052 12547 3980 21512 545 9386 29617 23851 17895 28266 4091 5184 30833 20306 11676 4912 13554 19811 2988 3869 953 10069 28397 12871 11310 21449 1942 21799 29575 30009 25070 18918 2705 22302 20023 30365
