11009 22106 1749 7609 11255 4903 25075 30127 17018 11527 6441 2025 6441 16402 20228 31814 13955 13737 18880 20793 30050 31898 6717 1953 6511 28107 18383 6601 17826 20486 15394 30932 9811 32217 19762 15375 29992 7839 25431
