18212 534 17483 8703 10262 29001 18821 12829 14621 31906 2813 32602 23742 15886 21902 22354 13517 4415 23100 26966 14820 7735 19431 16098 25698 29032 12379 7156 5579 6106 28354 31793 23483 23563 2734 16757 27425 5402 31744 22622 32228 18065 32228 14258 25027 23602 9587 21636 3613 7129 26415 24290 20275 31234 23380 12207 17934 22658 16516 21092 5079 6820 25969 12529 2328 5146 11982 4882 17235 17620 19744 5577 9161 10336 14362
