19786 28072 2602 18763 5621 22735 1023 24379 6349 29732 1723 24810 1146 1421 25478 12766 28748 8170 17549 5124 19042 17430 11030 31789 344 5233 21808 10142 18635 4622 9104 17879 30782 29516 30859 25073 2172 27056 23080
