4505 29432 18652 9389 3718 20379 17259 751 26196 157 12398 20159 4881 20159 28899 26016 28899 10211 31369 12021 19988 2256 22694 27168 14504 22357 2726 10957
