24522 15919 5944 24491 6654 17413 22890 20425 1603 9294 23564 24717 6769 26323 1832 26323 5394 31360 21487 21422 18708 20607 28178 7027 18605 31512 29643 20304 23401 25380 12833 12988 12833 27245 3987 17398 31257 28172 26052 2249 32512 632 5826 23630 25946 22867 28756 29285 29010 23936 31876 29619 17996 5193 25875 2764 6785 2244 26246 13473 10178 1090 28343 9526 14374 2914 29397 5767 17513 21354 12268 18460 10324 20808 3490 28249 12889 23896 28716 22249 484
