27284 4606 3077 6033 7687 30729 16633 20743 12334
