6271 10222 30381 7259 13323 30125 29861 24342 23988 24342 27919 13282 27177 18597 22077 7779 254 30383 24610 19248 6480 16112
