14522 26076 17070 28896 13433 24901 17021 25659 9047 3407 430 26715 7315 31641 19783 5588 26725 795 28605 12460 5029 4972 30779 15933 9034 4658 24517 11999 19107
