7259 27859 14580 12289 25934 675 8769 30822 6053 2409 14263 14525 7519 22771 270 2725 270 20527 19145 14232 12696 14742 14124 29972 21029 12187 17185 4361 17915 16944 18575 15183 5776 9679 20963 3651 29689 3403 10709 6341 15125 12434 29709 13381 22618 12901 32703 6412 12658 918 21451 22042 20587 5638 31855 27983 837 17981 3008 2523 22156 5505 14470 29710 8978 13656 8978 15666 518 8705 538 9254 3107 31312 19103 21186 27159 30125 3120 880 25470 8084 28081 32213 18803 25595 3887 6294 31124 2325 15227 24736 6881 13709 6675 26960 29342 4966 1999 1773 4185 14496 1708 11513 20711 22428
