25075 16746 3084 14614 3661 22005 16834 18352 22559 6657 20613 31521 13830 22931 14512 11732 486 25009 19632 28169 23177 5487 13808 2054 9952 9543 5210 10045 13043 24559 2130 2796 1135 4005 23094 27552 20047 13742 30453 18145 19668 27633 15189 9332 22884 24763 4937 23626 10803 9666 19125 14991 31086 30790 12773 31205 1581 23563 24975 14833 14043 14527 29797 25027 8815 328 24661 15590 16150 27764 22694 29960 6381 21170 1011 11769 30034 4101 26142 22239 27075 20844 10292 10251 31137 18072 3704
