18797 24381 19530 10094 28453 10094 21965 31891 9985 4790 21254 27012 15335 20224 13485 21112 579 20391 12134 7473 15015 27073 15608 27073 5068 29380 13449 17322 28418 23587 19599 5413 22075 28223 138 11013 15519 32588 7902 32222 32522 27619 19083 15446 19335 22319 27361 21378 3665 32166 28337 1483 11032 32351 17621 9093 26115 20819 6240 21297 25770 17008 28998 24823 6763 1548 5043 25106 12112 18751 11333 18474 23139 18474 26100 18255 3594 26878 16111 15290 23777 3272 25444 27641 371 24534 371 263 20999 30224 10149 28718 26928 25205 25739 9342 7072 4063 13993 14432 10474 2899 28225 6898 26484 7531 5965 1950 4283 7084 7921
