3102 9896 26082 28344 9821 26547 24541 12973 10871 29703 12818 18696 28503 24451 29691 9299 27046 8211 10322 5910 25738 24029 21409 20454 1045 497 14255 8086 11515 27882 3800 3259 2216 4237 11783 25370 6211 12351 18200 22502 24632 32512 17471 8031 8263 20757 2777 12895 16502 2328 25414 14201 11627 5532 27259 30259 26932 10818 14912 26466 231 15798 21904 31483 51 196 25813 21242 24676 30010 17850 22016 3267 28310 31919 28686 25201 10998 14391 4609 31000 5800 11448 27296 15469 17905 28792 12877 12218 21522 28638 22693 6398 20129 21186 17617 17352
