3920 20859 1638 6554 15573 12462 9695 11253 18549 8664 14912 16035 21247 19151 15747 12712 4248 17722 29479 28417 18244 3372 31296 14798 473 30393 29255 17251 10432 5484 5964 15189 31073 30102 14584 1038 9092 2503 32664 15612 30951 7281 16485 19600 11882 6366 8884 8554 1808 26188 31138 24702 17749 18941 22364 10359 9763 11966 17460 4865 32057 16378 21140 27268 5722 15128 16940 16177 29690 13508 26158 14405 15074 19730 9990 1924 21481
