22043 5657 4951 2280 18906 30429 28355 17668 23160 364 30454 24454 15676 26871 3457 17187 3457 8750 14902 10050 8489 20167 20982 9745 21275 6511 1464 16397 26373 22804 19752 27008 27358 19295 12459 12731 26900 23964 27927 18434 27927 21638 26135 12539 22129 25670 11458 2279 19874 11537 29653 19345 2798 13723 2798 5097 25991 21954 28731 18513 19324 20670 27580 9888 28942 25099 28386 20119 10432 6915 662 21595 18225 21340 12817 30102 1878 12803 30848 21460 25778 31286 27715 5106 971 3797 16155 31866 32156 10993 21908 24110 27539 1201 25418 12534 21370 14791 26309 8838 4668 26870 19344 32652 2952
