2868 25134 22007 5166 2885 10744 2885 17753 20914 24211 20914 8848 10401 5677 24506 13295 22363 18492 28171 28808 20224 19547 20224 31503 21507 20741 6012 30769 813 14763 16496 29536 16097 1866 8572 7036 30875 8142 16922 11974 4253 14228 31231 4164 2805 28369 18325 29316 1063
