9108 809 5976 29236 9729 11659 23441 12044 12164 8181 29971 9713 18237 31912 32130 24681 7717 20754 7717 24351 12112 7142 29714 32348 9946 16007 1818 22975 31140 6476 15009 26888 14736 13338 10206 6337 520 21227 6874 9239 19535 26128 19535 11722 21416 27016 17100 16200 8236 32370 24679 3798 3638 7073 3638 611 29687 11398 30270 29179 2506 26168 6560 25087 29076
