19945 24284 27326 26420 28507 6044 31909 29933 8660 5612 32767 20755 29985 13223 4676 1033 24501 11204 11079 32436 4058 8414 14124 10732 16647 24653 18976 22917 543 2450 2180 29000 10792 11245
