2448 15399 258 10322 30126 31973 12509 4161 17184 6042 18676 13346 15586 17238 8875 26431 24536 6828 5756 2104 8149 17659 10299 25943 31078 29775 16912 6349 19800 17210 31531 6521 3950 18792 10072 21732 7721 18946 17014 12505 20577 13277 25057 9630 23689 22966 9382 14636 18754 28766 10859 10677 4105 20421 20446 14749 17918 22834 5610 4025 5615 8955 18030 16911 28791 21141 3964 31150 31438 775 7389 30260 28743 28314 6672 27906 17646 21517 21881 13522 28392 28499
