29814 7684 28890 8786 17495 20775 11853 3244 23204 12976 5602 8537 21622 30939 6678 28344 308 26293 4975 21598 14765 9866 6773 4094 24989 30140 24317 5349 32203 8820 15230 3137 23791 13809 6921 1017 25326
