26704 16633 29851 9248 356 340 31342 28385 8757 30184 8651 15074 2328 6744 15953 5543 12823 28154 14277 241 1908 15660 6422 28666 30183 2162 22293 30528 27637 4191 26803 21188 3329 641 8797 19188 10776 31354 31296 21185 866 5639 22251
