21210 4242 3713 31101 10429 17599 17094 31080 10271 26725 17105 14013 25781 17342 13275 24858 6262 29323 3135 15823 6598 1351 3847 9820 238 16941 21911 25689 25287 9094 24486 31478 1780 19489 13218 27537 4788 13046 13252 14115 27402 12706 15430 10683 10228 26412 22768 7625 25212 11774 20803 5148 20462 17706 29697 5740 386 7944 3979 28962 30633 11966 9351 3822 13125 25182 3776 19393 9710 17353 16579 12334 13366 26729 12537 5305 15245 16312 3026 3690 2414 10855 5553 18370 10295 14398 32598
