16618 1127 5954 21985 24404 30217 17470 12542 17470 23378 3015 30821 6469 29055 6469 10272 26623 7924 11173 4119 11577 13603 20767 5387 26403 22542 14022 25840 26267 15488 10637 4067 10637 15942 22056 5833 28712 20563 24644 14742 2682 30783 29157 30494 24705 21739 23459 17516 387 29089 27211 30062 19402 25365 5010 30831 17096 14091 453 23465 12703 14844 14789 16280 14789 13197 8613 30554 12886 13526 20392 22270 1946 26054 27448 18380 15926 23760 244 26282 21421 19614 32003 9000 12007 3630 13977 5897 7510 24461 25919 14804 29233
