13645 18041 16669 25960 16669 22751 11824 28938 31623 5453 892 11620 3310 1841 28505 5048 6113 27800 29230 21654 32055 7664 772 24109 31702 494 12135 16100 2705 20852 32707 28706 25034 9535 9514 23284 2139 16149 19013 30676 463 29135
