22149 20271 24622 29042 21516 30261 17098 28553 9576 28553 29102 3735 2976 30116 30796 22156 29211
