10490 10135 10968 31760 10072 5534 21276 5534 20062 2773 30475 17859 25213 15248 20032 26608 27998 27064 1335 21167 28753 7710 7510 22559 7194 15986 8997 8127 1425 19785 2384 22604 29498 14957 5916 16753 18287 15815 19395 7061 12482 9318 19838 9155 16268 30906 26346 32723 15360 23500 10534 21557 19540 16015 16296 8319 20987 25123 10231 28132 4462 4814 1653 18228 21323 21384 5687 20604 3678 3464 666 31664 16636 21679 21175 22806 4216 23177 27554 22150 13000 16661 24094 14807 8565 22691 12263 23753
