1661 11442 3393 18911 3419 26236 16277 1728 16274 9502 31094 20948 4440 26570 30040 12999 28672 21982 29770 563 148 23963 7001 13154 23356 9506 31432 13289 14247 24539 31088 6460 32266 5598 32162 27688 32003 3341 5291 10692 710 18792 710 3455 20066 135 4614 7691 20743 13476 7123
