1659 8088 17802 16995 9375 4965 16940 16526 7717 30734 7717 4990 10224 2854 11137 2140 30445 21194 15621 11334 32311 28921 20193 9688 20761 6470 12061 6470 16982 10305 3869 8819 26826 17250 16183 23223 17848 14198 27749 14198 18602 18112 23180 24636 20088 2888 20088 745 7750 30231 25260 1415 13402 16988 19310 1878 1327 28324 20188 15552 30487 30964 21435 6188 31014 17936 2124 1636 10108 27833 26029 24167 22234 30429 31339 6090 16054 14517 1604 1463 1604 1465 29329 22412 25243 23594 25231 18977 2153 7335 28291 12815 15498 9809 15295
