28561 7240 30411 13470 31778 13683 28101 4118 16481 8079 23368 28967 9162 2867 25201 1993 26627 32534 10479 643 22474 7061 29959 12305 17215 26243 6165 17899 12285 22361 12285 27651 12238 8733 12776 14328 29151 13723 10538 1833 3913 9982 17583 16558 21692 21340 8705 31904 22124 23899 30573 24407 29846 8507 3756 8507 18011 24626 28900 12737 21225 12905 13429 30130 15496 15326 20269 13060 23165 20649 23962 30503 32571 2195 24002 24458 26816 23581 8023 27791 19019 5030 11655 20669 17092 22552 32695 17223 28088 19745
