8865 8366 24147 8917 10323 30038 31007 5243 11977 27315 2833 27157 28218 8358 13520 30284 19786 5271 20073 5895 29644 7428 27463 12534 22957 7776 2165 593 13868 12039 24055
