32644 1642 7364 10348 18202 16353 32610 29785 31981 19168 7116 25340 23823 14078 7174 9672 3971 28206 21582 19069 26214 23830 17043 24983 10405 16256 27486 29618 5544 18678 25980 17919 29657 7722 20415 10218 26089 8054 6516 12443 21388 4164 23213 11251 24304 25583 3091 31543
