13060 13703 16105 13703 23309 19729 4093 28215 9381 1295 31730 435 6766 893 19159 24611 16167 15691 26048 28239 18710 3187 32202 4421 6599 31573 12518 14208 16437 14462 9526 10697 2374 14760 15996 26821 16323 16823 9319 12372 32631 18419 29778 15174 29778 19963 23702 25882 23702 24029 17987 22141 5286 24050 26568
