8653 19955 20975 6375 13010 27511 10801 5409 31927 5616 12350
