30826 6367 27194 1570 3722 12977 32593 7997 17356 2832 12131 16345 21096 3751 8279 30018 6682 7067 20001 2242 9875 27794 1596 24963 6394 9670 13332 25885 5346 25885 18602 6377 31223 698 23612 29499
