23281 4520 23668 23509 12118 23852 28952 24027 3528 32125 32365 23470 28397 19577 25795 28845 4034 9753 11150 1938 23339 1522 7747 24788 7248 22403 29404 7634 32050 416 20139 15813 13072 14783 440 27448 16798 21933 10115 1559 14305 21440 6542 25962 2629 1385 29375 4309 14288 3099 5485 6933 4287 1413 30117 30697 17032 4427 476 20030 13529 19197 5077 15575 8942 15575 11131 21323 27639 9928 26802 7524 4560 20292 4560 25745 3744 11997 24234 14818 23190
