24342 6219 24024 3144 22757 12528 9112 26990 12621 9633 13180 11528 2731 23846 1842 26618 15153 9060 16530 30388 31855 12531 4300 23958 17974 5446 31699 23074 16420 1644 12417 15697 10235 24668 13897
