10654 28765 4088 27384 15228 5063 25218 23151 9151 10556 504 28927 801 32678 16768 26553 29712 5052 29797 2652 18120 32291 10241 2302 11981 31774 11967 9858 25703 21584 17613 1459 6708 26386 17165 41
